// Jest Snapshot v1, https://goo.gl/fbAQLP

exports[`example 1`] = `
<App>
  <div
    className="container"
  >
    <h1>
      Hello
    </h1>
  </div>
</App>
`;
